../Core/Src/stm32g4xx_it.c:77:6:NMI_Handler	4	static
../Core/Src/stm32g4xx_it.c:92:6:HardFault_Handler	4	static
../Core/Src/stm32g4xx_it.c:107:6:MemManage_Handler	4	static
../Core/Src/stm32g4xx_it.c:122:6:BusFault_Handler	4	static
../Core/Src/stm32g4xx_it.c:137:6:UsageFault_Handler	4	static
../Core/Src/stm32g4xx_it.c:152:6:DebugMon_Handler	4	static
../Core/Src/stm32g4xx_it.c:172:6:DMA1_Channel1_IRQHandler	8	static
../Core/Src/stm32g4xx_it.c:186:6:DMA1_Channel2_IRQHandler	8	static
../Core/Src/stm32g4xx_it.c:200:6:ADC1_2_IRQHandler	8	static
../Core/Src/stm32g4xx_it.c:214:6:TIM2_IRQHandler	8	static
../Core/Src/stm32g4xx_it.c:229:6:SPI1_IRQHandler	8	static
../Core/Src/stm32g4xx_it.c:243:6:TIM6_DAC_IRQHandler	8	static
