../Core/Src/syscalls.c:47:6:initialise_monitor_handles	4	static
../Core/Src/syscalls.c:51:5:_getpid	4	static
../Core/Src/syscalls.c:56:5:_kill	16	static
../Core/Src/syscalls.c:64:6:_exit	16	static
../Core/Src/syscalls.c:70:27:_read	32	static
../Core/Src/syscalls.c:85:5:_close	16	static
../Core/Src/syscalls.c:92:5:_fstat	16	static
../Core/Src/syscalls.c:99:5:_isatty	16	static
../Core/Src/syscalls.c:105:5:_lseek	24	static
../Core/Src/syscalls.c:113:5:_open	12	static
../Core/Src/syscalls.c:121:5:_wait	16	static
../Core/Src/syscalls.c:128:5:_unlink	16	static
../Core/Src/syscalls.c:135:5:_times	16	static
../Core/Src/syscalls.c:141:5:_stat	16	static
../Core/Src/syscalls.c:148:5:_link	16	static
../Core/Src/syscalls.c:156:5:_fork	8	static
../Core/Src/syscalls.c:162:5:_execve	24	static
../Core/Src/syscalls.c:175:5:_write	32	static
